PROGRAM
INT
ID[X]
COMMA
ID[Y]
COMMA
ID[Z]
SEMICOLON
READ
ID[X]
COMMA
ID[Y]
COMMA
ID[Z]
SEMICOLON
WHILE
NEGATION
LPAREN
ID[X]
ASSIGN
CONST[0]
RPAREN
BEGIN
WRITE
ID[Y]
SEMICOLON
WHILE
ID[Y]
LESS
CONST[10]
BEGIN
ID[Y]
ASSIGN
ID[Y]
ADD
CONST[1]
SEMICOLON
SEMICOLON
WRITE
ID[Y]
SEMICOLON
ID[Y]
ASSIGN
ID[Z]
ID[X]
ASSIGN
ID[X]
SUB
CONST[1]
SEMICOLON
SEMICOLON
END
